
completesig10.hs:20:1: warning: [-Wincomplete-patterns (in -Wextra)]
    Pattern match(es) are non-exhaustive
    In an equation for ‘m2’: Patterns not matched: A
