fetchAddSubTest: OK
fetchAndTest: OK
fetchNandTest: OK
fetchOrTest: OK
fetchXorTest: OK
casTest: OK
readWriteTest: OK
