
==================== Parser ====================
 a header
module HeaderTest where
<document comment>
x = 0


