[1 of 3] Compiling SI34M1           ( SI34M1.hs, nothing )
[2 of 3] Compiling SI34M2           ( SI34M2.hs, nothing )
[3 of 3] Compiling SI34             ( SI34.hs, nothing )
