
T2901.hs:6:5: error:
    Not in scope: data constructor ‘F.Foo’
    No module named ‘F’ is imported.
