ListTuplePunsTH.hs:14:2: warning: [GHC-39584]
    forall a_0 . (a_0 :: Constraint)
forall a_1 . (a_1 :: GHC.Internal.Types.List *)
forall a_2 .
(a_2 :: GHC.Internal.Tuple.Tuple2 * GHC.Internal.Types.Bool)
forall a_3 . (a_3 :: GHC.Internal.Tuple.Unit)
forall a_4 .
(a_4 :: (* -> GHC.Internal.Types.Bool) ->
        GHC.Internal.Tuple.Tuple2 * (* -> *) -> GHC.Internal.Types.Bool)

