T17940.hs:7:14: error: [GHC-88464]
    • Found hole: _ :: Word8# -> Word8#
    • In the expression: _ (indexWord8Array# a i)
      In an equation for ‘index#’: index# a i = _ (indexWord8Array# a i)
    • Relevant bindings include
        i :: Int# (bound at T17940.hs:7:10)
        a :: ByteArray# (bound at T17940.hs:7:8)
        index# :: ByteArray# -> Int# -> Word8# (bound at T17940.hs:7:1)
      Valid hole fits include
        notWord8# :: Word8# -> Word8#
          (imported from ‘GHC.Exts’ at T17940.hs:4:1-15
           (and originally defined in ‘GHC.Internal.Prim’))
        coerce :: forall a b. Coercible a b => a -> b
          with coerce @Word8# @Word8#
          (imported from ‘GHC.Exts’ at T17940.hs:4:1-15
           (and originally defined in ‘GHC.Internal.Prim’))

