
BadImport09.hs:5:1:
    Control.Monad.ST.Lazy.Unsafe: Can't be safely imported!
    The module itself isn't safe.
