[1 of 2] Processing p
  [1 of 1] Compiling H[sig]           ( p\H.hsig, nothing )
[2 of 2] Processing q
  [1 of 3] Compiling B                ( q\B.hs, nothing )
  [2 of 3] Compiling A[sig]           ( q\A.hsig, nothing )
bkpfail52.bkp:10:9: error: [GHC-15843]
    • Type constructor ‘T’ has conflicting definitions in the module
      and its hsig file.
      Main module: type T :: *
                   type T = B.T
        Hsig file: type T :: *
                   data T = T Int
    • While merging the signatures from:
        • p[H=<A>]:H
        • ...and the local signature for A

