
Foo.hs:1:1:
    File name does not match module name:
    Saw: ‘Main’
    Expected: ‘Foo’
